
Running 500 tests using 5 workers

  ✓    4 [mobile-390] › tests/lead-forms.spec.ts:457:3 › newsletter › the blog signup posts to the same endpoint (4.5s)
  ✓    5 [mobile-390] › tests/lead-forms.spec.ts:472:3 › Impact Program application › maps the application into the lead schema (4.5s)
  ✓    2 [mobile-390] › tests/lead-forms.spec.ts:412:3 › the minimum fill wait › the wait clears the drop threshold with headroom rather than landing on it (4.5s)
  ✓    3 [mobile-390] › tests/lead-forms.spec.ts:434:3 › newsletter › subscribes with only an address, as its own source (4.5s)
  ✓    1 [mobile-390] › tests/lead-forms.spec.ts:365:3 › the minimum fill wait › a backward wall-clock step during the wait cannot under-report the fill time (4.6s)
  ✓    7 [mobile-390] › tests/lead-forms.spec.ts:457:3 › newsletter › the blog signup posts to the same endpoint (4.4s)
  ✓    8 [mobile-390] › tests/lead-forms.spec.ts:412:3 › the minimum fill wait › the wait clears the drop threshold with headroom rather than landing on it (4.5s)
  ✓   10 [mobile-390] › tests/lead-forms.spec.ts:472:3 › Impact Program application › maps the application into the lead schema (4.5s)
  ✓    6 [mobile-390] › tests/lead-forms.spec.ts:365:3 › the minimum fill wait › a backward wall-clock step during the wait cannot under-report the fill time (4.5s)
  ✓    9 [mobile-390] › tests/lead-forms.spec.ts:434:3 › newsletter › subscribes with only an address, as its own source (4.5s)
  ✓   15 [mobile-390] › tests/lead-forms.spec.ts:457:3 › newsletter › the blog signup posts to the same endpoint (4.6s)
  ✓   13 [mobile-390] › tests/lead-forms.spec.ts:472:3 › Impact Program application › maps the application into the lead schema (4.7s)
  ✓   11 [mobile-390] › tests/lead-forms.spec.ts:365:3 › the minimum fill wait › a backward wall-clock step during the wait cannot under-report the fill time (4.7s)
  ✓   12 [mobile-390] › tests/lead-forms.spec.ts:412:3 › the minimum fill wait › the wait clears the drop threshold with headroom rather than landing on it (4.7s)
  ✓   14 [mobile-390] › tests/lead-forms.spec.ts:434:3 › newsletter › subscribes with only an address, as its own source (4.7s)
  ✓   19 [mobile-390] › tests/lead-forms.spec.ts:457:3 › newsletter › the blog signup posts to the same endpoint (4.6s)
  ✓   17 [mobile-390] › tests/lead-forms.spec.ts:434:3 › newsletter › subscribes with only an address, as its own source (4.7s)
  ✓   20 [mobile-390] › tests/lead-forms.spec.ts:412:3 › the minimum fill wait › the wait clears the drop threshold with headroom rather than landing on it (4.7s)
  ✓   18 [mobile-390] › tests/lead-forms.spec.ts:472:3 › Impact Program application › maps the application into the lead schema (4.7s)
  ✓   16 [mobile-390] › tests/lead-forms.spec.ts:365:3 › the minimum fill wait › a backward wall-clock step during the wait cannot under-report the fill time (4.8s)
  ✓   25 [mobile-390] › tests/lead-forms.spec.ts:457:3 › newsletter › the blog signup posts to the same endpoint (4.4s)
  ✓   24 [mobile-390] › tests/lead-forms.spec.ts:472:3 › Impact Program application › maps the application into the lead schema (4.5s)
  ✓   23 [mobile-390] › tests/lead-forms.spec.ts:434:3 › newsletter › subscribes with only an address, as its own source (4.5s)
  ✓   22 [mobile-390] › tests/lead-forms.spec.ts:412:3 › the minimum fill wait › the wait clears the drop threshold with headroom rather than landing on it (4.5s)
  ✓   21 [mobile-390] › tests/lead-forms.spec.ts:365:3 › the minimum fill wait › a backward wall-clock step during the wait cannot under-report the fill time (4.5s)
  ✓   30 [mobile-390] › tests/lead-forms.spec.ts:457:3 › newsletter › the blog signup posts to the same endpoint (4.5s)
  ✓   27 [mobile-390] › tests/lead-forms.spec.ts:412:3 › the minimum fill wait › the wait clears the drop threshold with headroom rather than landing on it (4.5s)
  ✓   28 [mobile-390] › tests/lead-forms.spec.ts:472:3 › Impact Program application › maps the application into the lead schema (4.5s)
  ✓   29 [mobile-390] › tests/lead-forms.spec.ts:434:3 › newsletter › subscribes with only an address, as its own source (4.5s)
  ✓   26 [mobile-390] › tests/lead-forms.spec.ts:365:3 › the minimum fill wait › a backward wall-clock step during the wait cannot under-report the fill time (4.6s)
  ✓   32 [mobile-390] › tests/lead-forms.spec.ts:457:3 › newsletter › the blog signup posts to the same endpoint (4.4s)
  ✓   33 [mobile-390] › tests/lead-forms.spec.ts:472:3 › Impact Program application › maps the application into the lead schema (4.5s)
  ✓   34 [mobile-390] › tests/lead-forms.spec.ts:412:3 › the minimum fill wait › the wait clears the drop threshold with headroom rather than landing on it (4.5s)
  ✓   31 [mobile-390] › tests/lead-forms.spec.ts:365:3 › the minimum fill wait › a backward wall-clock step during the wait cannot under-report the fill time (4.5s)
  ✓   35 [mobile-390] › tests/lead-forms.spec.ts:434:3 › newsletter › subscribes with only an address, as its own source (4.6s)
  ✓   37 [mobile-390] › tests/lead-forms.spec.ts:457:3 › newsletter › the blog signup posts to the same endpoint (4.4s)
  ✓   39 [mobile-390] › tests/lead-forms.spec.ts:472:3 › Impact Program application › maps the application into the lead schema (4.5s)
  ✓   40 [mobile-390] › tests/lead-forms.spec.ts:434:3 › newsletter › subscribes with only an address, as its own source (4.5s)
  ✓   38 [mobile-390] › tests/lead-forms.spec.ts:412:3 › the minimum fill wait › the wait clears the drop threshold with headroom rather than landing on it (4.6s)
  ✓   36 [mobile-390] › tests/lead-forms.spec.ts:365:3 › the minimum fill wait › a backward wall-clock step during the wait cannot under-report the fill time (4.6s)
  ✓   44 [mobile-390] › tests/lead-forms.spec.ts:457:3 › newsletter › the blog signup posts to the same endpoint (4.6s)
  ✓   45 [mobile-390] › tests/lead-forms.spec.ts:434:3 › newsletter › subscribes with only an address, as its own source (4.7s)
  ✓   41 [mobile-390] › tests/lead-forms.spec.ts:412:3 › the minimum fill wait › the wait clears the drop threshold with headroom rather than landing on it (4.7s)
  ✓   42 [mobile-390] › tests/lead-forms.spec.ts:472:3 › Impact Program application › maps the application into the lead schema (4.8s)
  ✓   43 [mobile-390] › tests/lead-forms.spec.ts:365:3 › the minimum fill wait › a backward wall-clock step during the wait cannot under-report the fill time (4.8s)
  ✓   49 [mobile-390] › tests/lead-forms.spec.ts:457:3 › newsletter › the blog signup posts to the same endpoint (4.6s)
  ✓   48 [mobile-390] › tests/lead-forms.spec.ts:434:3 › newsletter › subscribes with only an address, as its own source (4.7s)
  ✓   50 [mobile-390] › tests/lead-forms.spec.ts:472:3 › Impact Program application › maps the application into the lead schema (4.7s)
  ✓   46 [mobile-390] › tests/lead-forms.spec.ts:365:3 › the minimum fill wait › a backward wall-clock step during the wait cannot under-report the fill time (4.7s)
  ✓   47 [mobile-390] › tests/lead-forms.spec.ts:412:3 › the minimum fill wait › the wait clears the drop threshold with headroom rather than landing on it (4.8s)
  ✓   51 [mobile-390] › tests/lead-forms.spec.ts:457:3 › newsletter › the blog signup posts to the same endpoint (4.5s)
  ✓   52 [mobile-390] › tests/lead-forms.spec.ts:472:3 › Impact Program application › maps the application into the lead schema (4.5s)
  ✓   55 [mobile-390] › tests/lead-forms.spec.ts:434:3 › newsletter › subscribes with only an address, as its own source (4.5s)
  ✓   54 [mobile-390] › tests/lead-forms.spec.ts:412:3 › the minimum fill wait › the wait clears the drop threshold with headroom rather than landing on it (4.5s)
  ✓   53 [mobile-390] › tests/lead-forms.spec.ts:365:3 › the minimum fill wait › a backward wall-clock step during the wait cannot under-report the fill time (4.6s)
  ✓   57 [mobile-390] › tests/lead-forms.spec.ts:457:3 › newsletter › the blog signup posts to the same endpoint (4.5s)
  ✓   58 [mobile-390] › tests/lead-forms.spec.ts:434:3 › newsletter › subscribes with only an address, as its own source (4.6s)
  ✓   56 [mobile-390] › tests/lead-forms.spec.ts:365:3 › the minimum fill wait › a backward wall-clock step during the wait cannot under-report the fill time (4.6s)
  ✓   59 [mobile-390] › tests/lead-forms.spec.ts:412:3 › the minimum fill wait › the wait clears the drop threshold with headroom rather than landing on it (4.6s)
  ✓   60 [mobile-390] › tests/lead-forms.spec.ts:472:3 › Impact Program application › maps the application into the lead schema (4.6s)
  ✓   64 [mobile-390] › tests/lead-forms.spec.ts:457:3 › newsletter › the blog signup posts to the same endpoint (4.4s)
  ✓   65 [mobile-390] › tests/lead-forms.spec.ts:472:3 › Impact Program application › maps the application into the lead schema (4.5s)
  ✓   63 [mobile-390] › tests/lead-forms.spec.ts:365:3 › the minimum fill wait › a backward wall-clock step during the wait cannot under-report the fill time (4.5s)
  ✓   61 [mobile-390] › tests/lead-forms.spec.ts:412:3 › the minimum fill wait › the wait clears the drop threshold with headroom rather than landing on it (4.5s)
  ✓   62 [mobile-390] › tests/lead-forms.spec.ts:434:3 › newsletter › subscribes with only an address, as its own source (4.5s)
  ✓   68 [mobile-390] › tests/lead-forms.spec.ts:457:3 › newsletter › the blog signup posts to the same endpoint (4.4s)
  ✓   69 [mobile-390] › tests/lead-forms.spec.ts:472:3 › Impact Program application › maps the application into the lead schema (4.5s)
  ✓   67 [mobile-390] › tests/lead-forms.spec.ts:412:3 › the minimum fill wait › the wait clears the drop threshold with headroom rather than landing on it (4.5s)
  ✓   70 [mobile-390] › tests/lead-forms.spec.ts:365:3 › the minimum fill wait › a backward wall-clock step during the wait cannot under-report the fill time (4.5s)
  ✓   66 [mobile-390] › tests/lead-forms.spec.ts:434:3 › newsletter › subscribes with only an address, as its own source (4.5s)
  ✓   74 [mobile-390] › tests/lead-forms.spec.ts:457:3 › newsletter › the blog signup posts to the same endpoint (4.4s)
  ✓   73 [mobile-390] › tests/lead-forms.spec.ts:434:3 › newsletter › subscribes with only an address, as its own source (4.5s)
  ✓   72 [mobile-390] › tests/lead-forms.spec.ts:412:3 › the minimum fill wait › the wait clears the drop threshold with headroom rather than landing on it (4.6s)
  ✓   75 [mobile-390] › tests/lead-forms.spec.ts:472:3 › Impact Program application › maps the application into the lead schema (4.6s)
  ✓   71 [mobile-390] › tests/lead-forms.spec.ts:365:3 › the minimum fill wait › a backward wall-clock step during the wait cannot under-report the fill time (4.6s)
  ✓   79 [mobile-390] › tests/lead-forms.spec.ts:472:3 › Impact Program application › maps the application into the lead schema (4.2s)
  ✓   80 [mobile-390] › tests/lead-forms.spec.ts:457:3 › newsletter › the blog signup posts to the same endpoint (4.5s)
  ✓   78 [mobile-390] › tests/lead-forms.spec.ts:434:3 › newsletter › subscribes with only an address, as its own source (4.6s)
  ✓   76 [mobile-390] › tests/lead-forms.spec.ts:365:3 › the minimum fill wait › a backward wall-clock step during the wait cannot under-report the fill time (4.7s)
  ✓   77 [mobile-390] › tests/lead-forms.spec.ts:412:3 › the minimum fill wait › the wait clears the drop threshold with headroom rather than landing on it (4.8s)
  ✓   81 [mobile-390] › tests/lead-forms.spec.ts:365:3 › the minimum fill wait › a backward wall-clock step during the wait cannot under-report the fill time (4.1s)
  ✓   82 [mobile-390] › tests/lead-forms.spec.ts:434:3 › newsletter › subscribes with only an address, as its own source (4.2s)
  ✓   83 [mobile-390] › tests/lead-forms.spec.ts:412:3 › the minimum fill wait › the wait clears the drop threshold with headroom rather than landing on it (4.3s)
  ✓   84 [mobile-390] › tests/lead-forms.spec.ts:457:3 › newsletter › the blog signup posts to the same endpoint (4.3s)
  ✓   85 [mobile-390] › tests/lead-forms.spec.ts:472:3 › Impact Program application › maps the application into the lead schema (4.3s)
  ✓   86 [mobile-390] › tests/lead-forms.spec.ts:365:3 › the minimum fill wait › a backward wall-clock step during the wait cannot under-report the fill time (4.1s)
  ✓   90 [mobile-390] › tests/lead-forms.spec.ts:457:3 › newsletter › the blog signup posts to the same endpoint (4.3s)
  ✓   89 [mobile-390] › tests/lead-forms.spec.ts:472:3 › Impact Program application › maps the application into the lead schema (4.3s)
  ✓   87 [mobile-390] › tests/lead-forms.spec.ts:412:3 › the minimum fill wait › the wait clears the drop threshold with headroom rather than landing on it (4.3s)
  ✓   88 [mobile-390] › tests/lead-forms.spec.ts:434:3 › newsletter › subscribes with only an address, as its own source (4.3s)
  ✓   91 [mobile-390] › tests/lead-forms.spec.ts:365:3 › the minimum fill wait › a backward wall-clock step during the wait cannot under-report the fill time (3.9s)
  ✓   93 [mobile-390] › tests/lead-forms.spec.ts:457:3 › newsletter › the blog signup posts to the same endpoint (4.2s)
  ✓   95 [mobile-390] › tests/lead-forms.spec.ts:472:3 › Impact Program application › maps the application into the lead schema (4.3s)
  ✓   94 [mobile-390] › tests/lead-forms.spec.ts:434:3 › newsletter › subscribes with only an address, as its own source (4.3s)
  ✓   92 [mobile-390] › tests/lead-forms.spec.ts:412:3 › the minimum fill wait › the wait clears the drop threshold with headroom rather than landing on it (4.3s)
  ✓   96 [mobile-390] › tests/lead-forms.spec.ts:365:3 › the minimum fill wait › a backward wall-clock step during the wait cannot under-report the fill time (3.9s)
  ✓   99 [mobile-390] › tests/lead-forms.spec.ts:457:3 › newsletter › the blog signup posts to the same endpoint (4.3s)
  ✓  100 [mobile-390] › tests/lead-forms.spec.ts:472:3 › Impact Program application › maps the application into the lead schema (4.3s)
  ✓   98 [mobile-390] › tests/lead-forms.spec.ts:412:3 › the minimum fill wait › the wait clears the drop threshold with headroom rather than landing on it (4.3s)
  ✓   97 [mobile-390] › tests/lead-forms.spec.ts:434:3 › newsletter › subscribes with only an address, as its own source (4.4s)
  ✓  101 [mobile-390] › tests/lead-forms.spec.ts:365:3 › the minimum fill wait › a backward wall-clock step during the wait cannot under-report the fill time (3.9s)
  ✓  105 [mobile-390] › tests/lead-forms.spec.ts:457:3 › newsletter › the blog signup posts to the same endpoint (4.2s)
  ✓  104 [mobile-390] › tests/lead-forms.spec.ts:472:3 › Impact Program application › maps the application into the lead schema (4.3s)
  ✓  102 [mobile-390] › tests/lead-forms.spec.ts:412:3 › the minimum fill wait › the wait clears the drop threshold with headroom rather than landing on it (4.3s)
  ✓  103 [mobile-390] › tests/lead-forms.spec.ts:434:3 › newsletter › subscribes with only an address, as its own source (4.3s)
  ✓  106 [mobile-390] › tests/lead-forms.spec.ts:365:3 › the minimum fill wait › a backward wall-clock step during the wait cannot under-report the fill time (3.9s)
  ✓  110 [mobile-390] › tests/lead-forms.spec.ts:472:3 › Impact Program application › maps the application into the lead schema (4.3s)
  ✓  109 [mobile-390] › tests/lead-forms.spec.ts:457:3 › newsletter › the blog signup posts to the same endpoint (4.3s)
  ✓  107 [mobile-390] › tests/lead-forms.spec.ts:412:3 › the minimum fill wait › the wait clears the drop threshold with headroom rather than landing on it (4.4s)
  ✓  108 [mobile-390] › tests/lead-forms.spec.ts:434:3 › newsletter › subscribes with only an address, as its own source (4.4s)
  ✓  111 [mobile-390] › tests/lead-forms.spec.ts:365:3 › the minimum fill wait › a backward wall-clock step during the wait cannot under-report the fill time (3.9s)
  ✓  113 [mobile-390] › tests/lead-forms.spec.ts:457:3 › newsletter › the blog signup posts to the same endpoint (4.3s)
  ✓  115 [mobile-390] › tests/lead-forms.spec.ts:472:3 › Impact Program application › maps the application into the lead schema (4.4s)
  ✓  114 [mobile-390] › tests/lead-forms.spec.ts:412:3 › the minimum fill wait › the wait clears the drop threshold with headroom rather than landing on it (4.4s)
  ✓  112 [mobile-390] › tests/lead-forms.spec.ts:434:3 › newsletter › subscribes with only an address, as its own source (4.4s)
  ✓  116 [mobile-390] › tests/lead-forms.spec.ts:365:3 › the minimum fill wait › a backward wall-clock step during the wait cannot under-report the fill time (4.2s)
  ✓  119 [mobile-390] › tests/lead-forms.spec.ts:457:3 › newsletter › the blog signup posts to the same endpoint (4.3s)
  ✓  120 [mobile-390] › tests/lead-forms.spec.ts:472:3 › Impact Program application › maps the application into the lead schema (4.4s)
  ✓  117 [mobile-390] › tests/lead-forms.spec.ts:412:3 › the minimum fill wait › the wait clears the drop threshold with headroom rather than landing on it (4.4s)
  ✓  118 [mobile-390] › tests/lead-forms.spec.ts:434:3 › newsletter › subscribes with only an address, as its own source (4.4s)
  ✓  121 [mobile-390] › tests/lead-forms.spec.ts:365:3 › the minimum fill wait › a backward wall-clock step during the wait cannot under-report the fill time (4.2s)
  ✓  124 [mobile-390] › tests/lead-forms.spec.ts:457:3 › newsletter › the blog signup posts to the same endpoint (4.4s)
  ✓  122 [mobile-390] › tests/lead-forms.spec.ts:412:3 › the minimum fill wait › the wait clears the drop threshold with headroom rather than landing on it (4.4s)
  ✓  125 [mobile-390] › tests/lead-forms.spec.ts:472:3 › Impact Program application › maps the application into the lead schema (4.4s)
  ✓  123 [mobile-390] › tests/lead-forms.spec.ts:434:3 › newsletter › subscribes with only an address, as its own source (4.5s)
  ✓  126 [mobile-390] › tests/lead-forms.spec.ts:365:3 › the minimum fill wait › a backward wall-clock step during the wait cannot under-report the fill time (4.2s)
  ✓  128 [mobile-390] › tests/lead-forms.spec.ts:457:3 › newsletter › the blog signup posts to the same endpoint (4.4s)
  ✓  129 [mobile-390] › tests/lead-forms.spec.ts:434:3 › newsletter › subscribes with only an address, as its own source (4.5s)
  ✓  130 [mobile-390] › tests/lead-forms.spec.ts:472:3 › Impact Program application › maps the application into the lead schema (4.5s)
  ✓  127 [mobile-390] › tests/lead-forms.spec.ts:412:3 › the minimum fill wait › the wait clears the drop threshold with headroom rather than landing on it (4.6s)
  ✓  131 [mobile-390] › tests/lead-forms.spec.ts:365:3 › the minimum fill wait › a backward wall-clock step during the wait cannot under-report the fill time (4.3s)
  ✓  134 [mobile-390] › tests/lead-forms.spec.ts:457:3 › newsletter › the blog signup posts to the same endpoint (4.4s)
  ✓  132 [mobile-390] › tests/lead-forms.spec.ts:412:3 › the minimum fill wait › the wait clears the drop threshold with headroom rather than landing on it (4.5s)
  ✓  133 [mobile-390] › tests/lead-forms.spec.ts:434:3 › newsletter › subscribes with only an address, as its own source (4.5s)
  ✓  135 [mobile-390] › tests/lead-forms.spec.ts:472:3 › Impact Program application › maps the application into the lead schema (4.3s)
  ✓  136 [mobile-390] › tests/lead-forms.spec.ts:365:3 › the minimum fill wait › a backward wall-clock step during the wait cannot under-report the fill time (4.2s)
  ✓  139 [mobile-390] › tests/lead-forms.spec.ts:457:3 › newsletter › the blog signup posts to the same endpoint (4.4s)
  ✓  140 [mobile-390] › tests/lead-forms.spec.ts:472:3 › Impact Program application › maps the application into the lead schema (4.4s)
  ✓  137 [mobile-390] › tests/lead-forms.spec.ts:412:3 › the minimum fill wait › the wait clears the drop threshold with headroom rather than landing on it (4.4s)
  ✓  138 [mobile-390] › tests/lead-forms.spec.ts:434:3 › newsletter › subscribes with only an address, as its own source (4.4s)
  ✓  141 [mobile-390] › tests/lead-forms.spec.ts:365:3 › the minimum fill wait › a backward wall-clock step during the wait cannot under-report the fill time (4.2s)
  ✓  144 [mobile-390] › tests/lead-forms.spec.ts:457:3 › newsletter › the blog signup posts to the same endpoint (4.5s)
  ✓  145 [mobile-390] › tests/lead-forms.spec.ts:472:3 › Impact Program application › maps the application into the lead schema (4.5s)
  ✓  143 [mobile-390] › tests/lead-forms.spec.ts:412:3 › the minimum fill wait › the wait clears the drop threshold with headroom rather than landing on it (4.5s)
  ✓  142 [mobile-390] › tests/lead-forms.spec.ts:434:3 › newsletter › subscribes with only an address, as its own source (4.6s)
  ✓  146 [mobile-390] › tests/lead-forms.spec.ts:365:3 › the minimum fill wait › a backward wall-clock step during the wait cannot under-report the fill time (3.9s)
  ✓  150 [mobile-390] › tests/lead-forms.spec.ts:457:3 › newsletter › the blog signup posts to the same endpoint (4.4s)
  ✓  147 [mobile-390] › tests/lead-forms.spec.ts:412:3 › the minimum fill wait › the wait clears the drop threshold with headroom rather than landing on it (4.4s)
  ✓  148 [mobile-390] › tests/lead-forms.spec.ts:434:3 › newsletter › subscribes with only an address, as its own source (4.5s)
  ✓  149 [mobile-390] › tests/lead-forms.spec.ts:472:3 › Impact Program application › maps the application into the lead schema (4.5s)
  ✓  151 [mobile-390] › tests/lead-forms.spec.ts:365:3 › the minimum fill wait › a backward wall-clock step during the wait cannot under-report the fill time (4.0s)
  ✓  153 [mobile-390] › tests/lead-forms.spec.ts:457:3 › newsletter › the blog signup posts to the same endpoint (4.4s)
  ✓  155 [mobile-390] › tests/lead-forms.spec.ts:472:3 › Impact Program application › maps the application into the lead schema (4.4s)
  ✓  154 [mobile-390] › tests/lead-forms.spec.ts:434:3 › newsletter › subscribes with only an address, as its own source (4.4s)
  ✓  152 [mobile-390] › tests/lead-forms.spec.ts:412:3 › the minimum fill wait › the wait clears the drop threshold with headroom rather than landing on it (4.4s)
  ✓  156 [mobile-390] › tests/lead-forms.spec.ts:365:3 › the minimum fill wait › a backward wall-clock step during the wait cannot under-report the fill time (4.3s)
  ✓  159 [mobile-390] › tests/lead-forms.spec.ts:457:3 › newsletter › the blog signup posts to the same endpoint (4.3s)
  ✓  160 [mobile-390] › tests/lead-forms.spec.ts:472:3 › Impact Program application › maps the application into the lead schema (4.4s)
  ✓  158 [mobile-390] › tests/lead-forms.spec.ts:412:3 › the minimum fill wait › the wait clears the drop threshold with headroom rather than landing on it (4.4s)
  ✓  157 [mobile-390] › tests/lead-forms.spec.ts:434:3 › newsletter › subscribes with only an address, as its own source (4.4s)
  ✓  161 [mobile-390] › tests/lead-forms.spec.ts:365:3 › the minimum fill wait › a backward wall-clock step during the wait cannot under-report the fill time (4.2s)
  ✓  165 [mobile-390] › tests/lead-forms.spec.ts:457:3 › newsletter › the blog signup posts to the same endpoint (4.4s)
  ✓  164 [mobile-390] › tests/lead-forms.spec.ts:472:3 › Impact Program application › maps the application into the lead schema (4.4s)
  ✓  162 [mobile-390] › tests/lead-forms.spec.ts:412:3 › the minimum fill wait › the wait clears the drop threshold with headroom rather than landing on it (4.4s)
  ✓  163 [mobile-390] › tests/lead-forms.spec.ts:434:3 › newsletter › subscribes with only an address, as its own source (4.4s)
  ✓  166 [mobile-390] › tests/lead-forms.spec.ts:365:3 › the minimum fill wait › a backward wall-clock step during the wait cannot under-report the fill time (4.2s)
  ✓  169 [mobile-390] › tests/lead-forms.spec.ts:457:3 › newsletter › the blog signup posts to the same endpoint (4.3s)
  ✓  168 [mobile-390] › tests/lead-forms.spec.ts:434:3 › newsletter › subscribes with only an address, as its own source (4.4s)
  ✓  170 [mobile-390] › tests/lead-forms.spec.ts:472:3 › Impact Program application › maps the application into the lead schema (4.4s)
  ✓  167 [mobile-390] › tests/lead-forms.spec.ts:412:3 › the minimum fill wait › the wait clears the drop threshold with headroom rather than landing on it (4.4s)
  ✓  171 [mobile-390] › tests/lead-forms.spec.ts:365:3 › the minimum fill wait › a backward wall-clock step during the wait cannot under-report the fill time (4.0s)
  ✓  172 [mobile-390] › tests/lead-forms.spec.ts:457:3 › newsletter › the blog signup posts to the same endpoint (4.4s)
  ✓  175 [mobile-390] › tests/lead-forms.spec.ts:472:3 › Impact Program application › maps the application into the lead schema (4.4s)
  ✓  173 [mobile-390] › tests/lead-forms.spec.ts:412:3 › the minimum fill wait › the wait clears the drop threshold with headroom rather than landing on it (4.4s)
  ✓  174 [mobile-390] › tests/lead-forms.spec.ts:434:3 › newsletter › subscribes with only an address, as its own source (4.5s)
  ✓  176 [mobile-390] › tests/lead-forms.spec.ts:365:3 › the minimum fill wait › a backward wall-clock step during the wait cannot under-report the fill time (4.0s)
  ✓  177 [mobile-390] › tests/lead-forms.spec.ts:457:3 › newsletter › the blog signup posts to the same endpoint (4.5s)
  ✓  180 [mobile-390] › tests/lead-forms.spec.ts:434:3 › newsletter › subscribes with only an address, as its own source (4.6s)
  ✓  178 [mobile-390] › tests/lead-forms.spec.ts:412:3 › the minimum fill wait › the wait clears the drop threshold with headroom rather than landing on it (4.6s)
  ✓  179 [mobile-390] › tests/lead-forms.spec.ts:472:3 › Impact Program application › maps the application into the lead schema (4.7s)
  ✓  181 [mobile-390] › tests/lead-forms.spec.ts:365:3 › the minimum fill wait › a backward wall-clock step during the wait cannot under-report the fill time (4.1s)
  ✓  185 [mobile-390] › tests/lead-forms.spec.ts:457:3 › newsletter › the blog signup posts to the same endpoint (4.3s)
  ✓  182 [mobile-390] › tests/lead-forms.spec.ts:412:3 › the minimum fill wait › the wait clears the drop threshold with headroom rather than landing on it (4.4s)
  ✓  184 [mobile-390] › tests/lead-forms.spec.ts:472:3 › Impact Program application › maps the application into the lead schema (4.3s)
  ✓  183 [mobile-390] › tests/lead-forms.spec.ts:434:3 › newsletter › subscribes with only an address, as its own source (4.4s)
  ✓  186 [mobile-390] › tests/lead-forms.spec.ts:365:3 › the minimum fill wait › a backward wall-clock step during the wait cannot under-report the fill time (4.0s)
  ✓  188 [mobile-390] › tests/lead-forms.spec.ts:457:3 › newsletter › the blog signup posts to the same endpoint (4.3s)
  ✓  189 [mobile-390] › tests/lead-forms.spec.ts:472:3 › Impact Program application › maps the application into the lead schema (4.4s)
  ✓  187 [mobile-390] › tests/lead-forms.spec.ts:412:3 › the minimum fill wait › the wait clears the drop threshold with headroom rather than landing on it (4.4s)
  ✓  190 [mobile-390] › tests/lead-forms.spec.ts:434:3 › newsletter › subscribes with only an address, as its own source (4.4s)
  ✓  191 [mobile-390] › tests/lead-forms.spec.ts:365:3 › the minimum fill wait › a backward wall-clock step during the wait cannot under-report the fill time (4.0s)
  ✓  194 [mobile-390] › tests/lead-forms.spec.ts:457:3 › newsletter › the blog signup posts to the same endpoint (4.4s)
  ✓  192 [mobile-390] › tests/lead-forms.spec.ts:412:3 › the minimum fill wait › the wait clears the drop threshold with headroom rather than landing on it (4.4s)
  ✓  195 [mobile-390] › tests/lead-forms.spec.ts:472:3 › Impact Program application › maps the application into the lead schema (4.4s)
  ✓  193 [mobile-390] › tests/lead-forms.spec.ts:434:3 › newsletter › subscribes with only an address, as its own source (4.4s)
  ✓  196 [mobile-390] › tests/lead-forms.spec.ts:365:3 › the minimum fill wait › a backward wall-clock step during the wait cannot under-report the fill time (3.9s)
  ✓  197 [mobile-390] › tests/lead-forms.spec.ts:457:3 › newsletter › the blog signup posts to the same endpoint (4.4s)
  ✓  200 [mobile-390] › tests/lead-forms.spec.ts:472:3 › Impact Program application › maps the application into the lead schema (4.4s)
  ✓  199 [mobile-390] › tests/lead-forms.spec.ts:412:3 › the minimum fill wait › the wait clears the drop threshold with headroom rather than landing on it (4.4s)
  ✓  198 [mobile-390] › tests/lead-forms.spec.ts:434:3 › newsletter › subscribes with only an address, as its own source (4.4s)
  ✓  201 [mobile-390] › tests/lead-forms.spec.ts:365:3 › the minimum fill wait › a backward wall-clock step during the wait cannot under-report the fill time (4.0s)
  ✓  202 [mobile-390] › tests/lead-forms.spec.ts:457:3 › newsletter › the blog signup posts to the same endpoint (4.5s)
  ✓  205 [mobile-390] › tests/lead-forms.spec.ts:434:3 › newsletter › subscribes with only an address, as its own source (4.5s)
  ✓  203 [mobile-390] › tests/lead-forms.spec.ts:412:3 › the minimum fill wait › the wait clears the drop threshold with headroom rather than landing on it (4.5s)
  ✓  204 [mobile-390] › tests/lead-forms.spec.ts:472:3 › Impact Program application › maps the application into the lead schema (4.6s)
  ✓  206 [mobile-390] › tests/lead-forms.spec.ts:365:3 › the minimum fill wait › a backward wall-clock step during the wait cannot under-report the fill time (4.0s)
  ✓  210 [mobile-390] › tests/lead-forms.spec.ts:457:3 › newsletter › the blog signup posts to the same endpoint (4.4s)
  ✓  207 [mobile-390] › tests/lead-forms.spec.ts:434:3 › newsletter › subscribes with only an address, as its own source (4.4s)
  ✓  208 [mobile-390] › tests/lead-forms.spec.ts:412:3 › the minimum fill wait › the wait clears the drop threshold with headroom rather than landing on it (4.5s)
  ✓  209 [mobile-390] › tests/lead-forms.spec.ts:472:3 › Impact Program application › maps the application into the lead schema (4.5s)
  ✓  211 [mobile-390] › tests/lead-forms.spec.ts:365:3 › the minimum fill wait › a backward wall-clock step during the wait cannot under-report the fill time (4.0s)
  ✓  214 [mobile-390] › tests/lead-forms.spec.ts:457:3 › newsletter › the blog signup posts to the same endpoint (4.4s)
  ✓  215 [mobile-390] › tests/lead-forms.spec.ts:472:3 › Impact Program application › maps the application into the lead schema (4.4s)
  ✓  213 [mobile-390] › tests/lead-forms.spec.ts:434:3 › newsletter › subscribes with only an address, as its own source (4.4s)
  ✓  212 [mobile-390] › tests/lead-forms.spec.ts:412:3 › the minimum fill wait › the wait clears the drop threshold with headroom rather than landing on it (4.4s)
  ✓  216 [mobile-390] › tests/lead-forms.spec.ts:365:3 › the minimum fill wait › a backward wall-clock step during the wait cannot under-report the fill time (4.0s)
  ✓  219 [mobile-390] › tests/lead-forms.spec.ts:457:3 › newsletter › the blog signup posts to the same endpoint (4.4s)
  ✓  218 [mobile-390] › tests/lead-forms.spec.ts:434:3 › newsletter › subscribes with only an address, as its own source (4.4s)
  ✓  217 [mobile-390] › tests/lead-forms.spec.ts:412:3 › the minimum fill wait › the wait clears the drop threshold with headroom rather than landing on it (4.4s)
  ✓  220 [mobile-390] › tests/lead-forms.spec.ts:472:3 › Impact Program application › maps the application into the lead schema (4.5s)
  ✓  221 [mobile-390] › tests/lead-forms.spec.ts:365:3 › the minimum fill wait › a backward wall-clock step during the wait cannot under-report the fill time (4.0s)
  ✓  225 [mobile-390] › tests/lead-forms.spec.ts:457:3 › newsletter › the blog signup posts to the same endpoint (4.4s)
  ✓  222 [mobile-390] › tests/lead-forms.spec.ts:412:3 › the minimum fill wait › the wait clears the drop threshold with headroom rather than landing on it (4.4s)
  ✓  224 [mobile-390] › tests/lead-forms.spec.ts:472:3 › Impact Program application › maps the application into the lead schema (4.4s)
  ✓  223 [mobile-390] › tests/lead-forms.spec.ts:434:3 › newsletter › subscribes with only an address, as its own source (4.4s)
  ✓  226 [mobile-390] › tests/lead-forms.spec.ts:365:3 › the minimum fill wait › a backward wall-clock step during the wait cannot under-report the fill time (4.0s)
  ✓  228 [mobile-390] › tests/lead-forms.spec.ts:457:3 › newsletter › the blog signup posts to the same endpoint (4.3s)
  ✓  229 [mobile-390] › tests/lead-forms.spec.ts:434:3 › newsletter › subscribes with only an address, as its own source (4.4s)
  ✓  227 [mobile-390] › tests/lead-forms.spec.ts:412:3 › the minimum fill wait › the wait clears the drop threshold with headroom rather than landing on it (4.4s)
  ✓  230 [mobile-390] › tests/lead-forms.spec.ts:472:3 › Impact Program application › maps the application into the lead schema (4.5s)
  ✓  231 [mobile-390] › tests/lead-forms.spec.ts:365:3 › the minimum fill wait › a backward wall-clock step during the wait cannot under-report the fill time (4.0s)
  ✓  234 [mobile-390] › tests/lead-forms.spec.ts:457:3 › newsletter › the blog signup posts to the same endpoint (4.3s)
  ✓  232 [mobile-390] › tests/lead-forms.spec.ts:412:3 › the minimum fill wait › the wait clears the drop threshold with headroom rather than landing on it (4.4s)
  ✓  235 [mobile-390] › tests/lead-forms.spec.ts:472:3 › Impact Program application › maps the application into the lead schema (4.4s)
  ✓  233 [mobile-390] › tests/lead-forms.spec.ts:434:3 › newsletter › subscribes with only an address, as its own source (4.4s)
  ✓  236 [mobile-390] › tests/lead-forms.spec.ts:365:3 › the minimum fill wait › a backward wall-clock step during the wait cannot under-report the fill time (4.0s)
  ✓  239 [mobile-390] › tests/lead-forms.spec.ts:457:3 › newsletter › the blog signup posts to the same endpoint (4.5s)
  ✓  240 [mobile-390] › tests/lead-forms.spec.ts:472:3 › Impact Program application › maps the application into the lead schema (4.5s)
  ✓  238 [mobile-390] › tests/lead-forms.spec.ts:412:3 › the minimum fill wait › the wait clears the drop threshold with headroom rather than landing on it (4.5s)
  ✓  237 [mobile-390] › tests/lead-forms.spec.ts:434:3 › newsletter › subscribes with only an address, as its own source (4.6s)
  ✓  241 [mobile-390] › tests/lead-forms.spec.ts:365:3 › the minimum fill wait › a backward wall-clock step during the wait cannot under-report the fill time (4.3s)
  ✓  243 [mobile-390] › tests/lead-forms.spec.ts:457:3 › newsletter › the blog signup posts to the same endpoint (4.4s)
  ✓  245 [mobile-390] › tests/lead-forms.spec.ts:472:3 › Impact Program application › maps the application into the lead schema (4.5s)
  ✓  242 [mobile-390] › tests/lead-forms.spec.ts:412:3 › the minimum fill wait › the wait clears the drop threshold with headroom rather than landing on it (4.5s)
  ✓  244 [mobile-390] › tests/lead-forms.spec.ts:434:3 › newsletter › subscribes with only an address, as its own source (4.5s)
  ✓  246 [mobile-390] › tests/lead-forms.spec.ts:365:3 › the minimum fill wait › a backward wall-clock step during the wait cannot under-report the fill time (4.3s)
  ✓  249 [mobile-390] › tests/lead-forms.spec.ts:457:3 › newsletter › the blog signup posts to the same endpoint (4.5s)
  ✓  247 [mobile-390] › tests/lead-forms.spec.ts:412:3 › the minimum fill wait › the wait clears the drop threshold with headroom rather than landing on it (4.6s)
  ✓  250 [mobile-390] › tests/lead-forms.spec.ts:472:3 › Impact Program application › maps the application into the lead schema (4.6s)
  ✓  248 [mobile-390] › tests/lead-forms.spec.ts:434:3 › newsletter › subscribes with only an address, as its own source (4.6s)
  ✓  251 [mobile-390] › tests/lead-forms.spec.ts:365:3 › the minimum fill wait › a backward wall-clock step during the wait cannot under-report the fill time (4.2s)
  ✓  255 [mobile-390] › tests/lead-forms.spec.ts:457:3 › newsletter › the blog signup posts to the same endpoint (4.5s)
  ✓  252 [mobile-390] › tests/lead-forms.spec.ts:412:3 › the minimum fill wait › the wait clears the drop threshold with headroom rather than landing on it (4.6s)
  ✓  254 [mobile-390] › tests/lead-forms.spec.ts:472:3 › Impact Program application › maps the application into the lead schema (4.5s)
  ✓  253 [mobile-390] › tests/lead-forms.spec.ts:434:3 › newsletter › subscribes with only an address, as its own source (4.6s)
  ✓  256 [mobile-390] › tests/lead-forms.spec.ts:365:3 › the minimum fill wait › a backward wall-clock step during the wait cannot under-report the fill time (4.2s)
  ✓  259 [mobile-390] › tests/lead-forms.spec.ts:457:3 › newsletter › the blog signup posts to the same endpoint (4.5s)
  ✓  260 [mobile-390] › tests/lead-forms.spec.ts:472:3 › Impact Program application › maps the application into the lead schema (4.5s)
  ✓  257 [mobile-390] › tests/lead-forms.spec.ts:412:3 › the minimum fill wait › the wait clears the drop threshold with headroom rather than landing on it (4.6s)
  ✓  258 [mobile-390] › tests/lead-forms.spec.ts:434:3 › newsletter › subscribes with only an address, as its own source (4.6s)
  ✓  261 [mobile-390] › tests/lead-forms.spec.ts:365:3 › the minimum fill wait › a backward wall-clock step during the wait cannot under-report the fill time (4.2s)
  ✓  262 [mobile-390] › tests/lead-forms.spec.ts:457:3 › newsletter › the blog signup posts to the same endpoint (4.4s)
  ✓  264 [mobile-390] › tests/lead-forms.spec.ts:434:3 › newsletter › subscribes with only an address, as its own source (4.5s)
  ✓  265 [mobile-390] › tests/lead-forms.spec.ts:472:3 › Impact Program application › maps the application into the lead schema (4.5s)
  ✓  263 [mobile-390] › tests/lead-forms.spec.ts:412:3 › the minimum fill wait › the wait clears the drop threshold with headroom rather than landing on it (4.5s)
  ✓  266 [mobile-390] › tests/lead-forms.spec.ts:365:3 › the minimum fill wait › a backward wall-clock step during the wait cannot under-report the fill time (4.2s)
  ✓  269 [mobile-390] › tests/lead-forms.spec.ts:457:3 › newsletter › the blog signup posts to the same endpoint (4.5s)
  ✓  268 [mobile-390] › tests/lead-forms.spec.ts:434:3 › newsletter › subscribes with only an address, as its own source (4.6s)
  ✓  270 [mobile-390] › tests/lead-forms.spec.ts:472:3 › Impact Program application › maps the application into the lead schema (4.6s)
  ✓  267 [mobile-390] › tests/lead-forms.spec.ts:412:3 › the minimum fill wait › the wait clears the drop threshold with headroom rather than landing on it (4.6s)
  ✓  271 [mobile-390] › tests/lead-forms.spec.ts:365:3 › the minimum fill wait › a backward wall-clock step during the wait cannot under-report the fill time (4.2s)
  ✓  274 [mobile-390] › tests/lead-forms.spec.ts:457:3 › newsletter › the blog signup posts to the same endpoint (4.6s)
  ✓  275 [mobile-390] › tests/lead-forms.spec.ts:472:3 › Impact Program application › maps the application into the lead schema (4.6s)
  ✓  273 [mobile-390] › tests/lead-forms.spec.ts:434:3 › newsletter › subscribes with only an address, as its own source (4.6s)
  ✓  272 [mobile-390] › tests/lead-forms.spec.ts:412:3 › the minimum fill wait › the wait clears the drop threshold with headroom rather than landing on it (4.6s)
  ✓  276 [mobile-390] › tests/lead-forms.spec.ts:365:3 › the minimum fill wait › a backward wall-clock step during the wait cannot under-report the fill time (4.2s)
  ✓  278 [mobile-390] › tests/lead-forms.spec.ts:457:3 › newsletter › the blog signup posts to the same endpoint (4.4s)
  ✓  279 [mobile-390] › tests/lead-forms.spec.ts:472:3 › Impact Program application › maps the application into the lead schema (4.4s)
  ✓  277 [mobile-390] › tests/lead-forms.spec.ts:412:3 › the minimum fill wait › the wait clears the drop threshold with headroom rather than landing on it (4.5s)
  ✓  280 [mobile-390] › tests/lead-forms.spec.ts:434:3 › newsletter › subscribes with only an address, as its own source (4.5s)
  ✓  281 [mobile-390] › tests/lead-forms.spec.ts:365:3 › the minimum fill wait › a backward wall-clock step during the wait cannot under-report the fill time (4.2s)
  ✓  283 [mobile-390] › tests/lead-forms.spec.ts:457:3 › newsletter › the blog signup posts to the same endpoint (4.4s)
  ✓  285 [mobile-390] › tests/lead-forms.spec.ts:472:3 › Impact Program application › maps the application into the lead schema (4.4s)
  ✓  282 [mobile-390] › tests/lead-forms.spec.ts:412:3 › the minimum fill wait › the wait clears the drop threshold with headroom rather than landing on it (4.4s)
  ✓  284 [mobile-390] › tests/lead-forms.spec.ts:434:3 › newsletter › subscribes with only an address, as its own source (4.5s)
  ✓  286 [mobile-390] › tests/lead-forms.spec.ts:365:3 › the minimum fill wait › a backward wall-clock step during the wait cannot under-report the fill time (4.2s)
  ✓  289 [mobile-390] › tests/lead-forms.spec.ts:457:3 › newsletter › the blog signup posts to the same endpoint (4.4s)
  ✓  290 [mobile-390] › tests/lead-forms.spec.ts:472:3 › Impact Program application › maps the application into the lead schema (4.5s)
  ✓  287 [mobile-390] › tests/lead-forms.spec.ts:412:3 › the minimum fill wait › the wait clears the drop threshold with headroom rather than landing on it (4.5s)
  ✓  288 [mobile-390] › tests/lead-forms.spec.ts:434:3 › newsletter › subscribes with only an address, as its own source (4.6s)
  ✓  291 [mobile-390] › tests/lead-forms.spec.ts:365:3 › the minimum fill wait › a backward wall-clock step during the wait cannot under-report the fill time (4.2s)
  ✓  295 [mobile-390] › tests/lead-forms.spec.ts:472:3 › Impact Program application › maps the application into the lead schema (4.4s)
  ✓  294 [mobile-390] › tests/lead-forms.spec.ts:457:3 › newsletter › the blog signup posts to the same endpoint (4.5s)
  ✓  293 [mobile-390] › tests/lead-forms.spec.ts:434:3 › newsletter › subscribes with only an address, as its own source (4.5s)
  ✓  292 [mobile-390] › tests/lead-forms.spec.ts:412:3 › the minimum fill wait › the wait clears the drop threshold with headroom rather than landing on it (4.5s)
  ✓  296 [mobile-390] › tests/lead-forms.spec.ts:365:3 › the minimum fill wait › a backward wall-clock step during the wait cannot under-report the fill time (4.4s)
  ✓  298 [mobile-390] › tests/lead-forms.spec.ts:457:3 › newsletter › the blog signup posts to the same endpoint (4.7s)
  ✓  297 [mobile-390] › tests/lead-forms.spec.ts:412:3 › the minimum fill wait › the wait clears the drop threshold with headroom rather than landing on it (4.8s)
  ✓  300 [mobile-390] › tests/lead-forms.spec.ts:472:3 › Impact Program application › maps the application into the lead schema (4.8s)
  ✓  299 [mobile-390] › tests/lead-forms.spec.ts:434:3 › newsletter › subscribes with only an address, as its own source (4.8s)
  ✓  301 [mobile-390] › tests/lead-forms.spec.ts:365:3 › the minimum fill wait › a backward wall-clock step during the wait cannot under-report the fill time (4.9s)
  ✓  302 [mobile-390] › tests/lead-forms.spec.ts:412:3 › the minimum fill wait › the wait clears the drop threshold with headroom rather than landing on it (4.8s)
  ✓  305 [mobile-390] › tests/lead-forms.spec.ts:472:3 › Impact Program application › maps the application into the lead schema (4.8s)
  ✓  304 [mobile-390] › tests/lead-forms.spec.ts:434:3 › newsletter › subscribes with only an address, as its own source (4.8s)
  ✓  303 [mobile-390] › tests/lead-forms.spec.ts:457:3 › newsletter › the blog signup posts to the same endpoint (5.2s)
  ✓  306 [mobile-390] › tests/lead-forms.spec.ts:365:3 › the minimum fill wait › a backward wall-clock step during the wait cannot under-report the fill time (4.2s)
  ✓  307 [mobile-390] › tests/lead-forms.spec.ts:412:3 › the minimum fill wait › the wait clears the drop threshold with headroom rather than landing on it (4.3s)
  ✓  309 [mobile-390] › tests/lead-forms.spec.ts:457:3 › newsletter › the blog signup posts to the same endpoint (4.2s)
  ✓  308 [mobile-390] › tests/lead-forms.spec.ts:434:3 › newsletter › subscribes with only an address, as its own source (4.4s)
  ✓  310 [mobile-390] › tests/lead-forms.spec.ts:472:3 › Impact Program application › maps the application into the lead schema (4.3s)
  ✓  311 [mobile-390] › tests/lead-forms.spec.ts:365:3 › the minimum fill wait › a backward wall-clock step during the wait cannot under-report the fill time (4.3s)
  ✓  312 [mobile-390] › tests/lead-forms.spec.ts:412:3 › the minimum fill wait › the wait clears the drop threshold with headroom rather than landing on it (4.3s)
  ✓  314 [mobile-390] › tests/lead-forms.spec.ts:457:3 › newsletter › the blog signup posts to the same endpoint (4.3s)
  ✓  313 [mobile-390] › tests/lead-forms.spec.ts:434:3 › newsletter › subscribes with only an address, as its own source (4.3s)
  ✓  315 [mobile-390] › tests/lead-forms.spec.ts:472:3 › Impact Program application › maps the application into the lead schema (4.3s)
  ✓  316 [mobile-390] › tests/lead-forms.spec.ts:365:3 › the minimum fill wait › a backward wall-clock step during the wait cannot under-report the fill time (4.2s)
  ✓  317 [mobile-390] › tests/lead-forms.spec.ts:412:3 › the minimum fill wait › the wait clears the drop threshold with headroom rather than landing on it (4.1s)
  ✓  318 [mobile-390] › tests/lead-forms.spec.ts:434:3 › newsletter › subscribes with only an address, as its own source (4.2s)
  ✓  319 [mobile-390] › tests/lead-forms.spec.ts:457:3 › newsletter › the blog signup posts to the same endpoint (4.2s)
  ✓  320 [mobile-390] › tests/lead-forms.spec.ts:472:3 › Impact Program application › maps the application into the lead schema (4.2s)
  ✓  321 [mobile-390] › tests/lead-forms.spec.ts:365:3 › the minimum fill wait › a backward wall-clock step during the wait cannot under-report the fill time (4.2s)
  ✓  322 [mobile-390] › tests/lead-forms.spec.ts:412:3 › the minimum fill wait › the wait clears the drop threshold with headroom rather than landing on it (4.1s)
  ✓  324 [mobile-390] › tests/lead-forms.spec.ts:457:3 › newsletter › the blog signup posts to the same endpoint (4.2s)
  ✓  323 [mobile-390] › tests/lead-forms.spec.ts:434:3 › newsletter › subscribes with only an address, as its own source (4.3s)
  ✓  325 [mobile-390] › tests/lead-forms.spec.ts:472:3 › Impact Program application › maps the application into the lead schema (4.2s)
  ✓  326 [mobile-390] › tests/lead-forms.spec.ts:365:3 › the minimum fill wait › a backward wall-clock step during the wait cannot under-report the fill time (4.3s)
  ✓  327 [mobile-390] › tests/lead-forms.spec.ts:412:3 › the minimum fill wait › the wait clears the drop threshold with headroom rather than landing on it (4.1s)
  ✓  329 [mobile-390] › tests/lead-forms.spec.ts:457:3 › newsletter › the blog signup posts to the same endpoint (4.3s)
  ✓  328 [mobile-390] › tests/lead-forms.spec.ts:434:3 › newsletter › subscribes with only an address, as its own source (4.3s)
  ✓  330 [mobile-390] › tests/lead-forms.spec.ts:472:3 › Impact Program application › maps the application into the lead schema (4.2s)
  ✓  331 [mobile-390] › tests/lead-forms.spec.ts:365:3 › the minimum fill wait › a backward wall-clock step during the wait cannot under-report the fill time (4.1s)
  ✓  332 [mobile-390] › tests/lead-forms.spec.ts:412:3 › the minimum fill wait › the wait clears the drop threshold with headroom rather than landing on it (4.1s)
  ✓  334 [mobile-390] › tests/lead-forms.spec.ts:457:3 › newsletter › the blog signup posts to the same endpoint (4.3s)
  ✓  333 [mobile-390] › tests/lead-forms.spec.ts:434:3 › newsletter › subscribes with only an address, as its own source (4.3s)
  ✓  335 [mobile-390] › tests/lead-forms.spec.ts:472:3 › Impact Program application › maps the application into the lead schema (4.2s)
  ✓  336 [mobile-390] › tests/lead-forms.spec.ts:365:3 › the minimum fill wait › a backward wall-clock step during the wait cannot under-report the fill time (4.2s)
  ✓  337 [mobile-390] › tests/lead-forms.spec.ts:412:3 › the minimum fill wait › the wait clears the drop threshold with headroom rather than landing on it (4.0s)
  ✓  339 [mobile-390] › tests/lead-forms.spec.ts:457:3 › newsletter › the blog signup posts to the same endpoint (4.1s)
  ✓  338 [mobile-390] › tests/lead-forms.spec.ts:434:3 › newsletter › subscribes with only an address, as its own source (4.2s)
  ✓  340 [mobile-390] › tests/lead-forms.spec.ts:472:3 › Impact Program application › maps the application into the lead schema (4.1s)
  ✓  341 [mobile-390] › tests/lead-forms.spec.ts:365:3 › the minimum fill wait › a backward wall-clock step during the wait cannot under-report the fill time (4.2s)
  ✓  342 [mobile-390] › tests/lead-forms.spec.ts:412:3 › the minimum fill wait › the wait clears the drop threshold with headroom rather than landing on it (4.2s)
  ✓  344 [mobile-390] › tests/lead-forms.spec.ts:457:3 › newsletter › the blog signup posts to the same endpoint (4.2s)
  ✓  343 [mobile-390] › tests/lead-forms.spec.ts:434:3 › newsletter › subscribes with only an address, as its own source (4.3s)
  ✓  345 [mobile-390] › tests/lead-forms.spec.ts:472:3 › Impact Program application › maps the application into the lead schema (4.2s)
  ✓  346 [mobile-390] › tests/lead-forms.spec.ts:365:3 › the minimum fill wait › a backward wall-clock step during the wait cannot under-report the fill time (4.2s)
  ✓  347 [mobile-390] › tests/lead-forms.spec.ts:412:3 › the minimum fill wait › the wait clears the drop threshold with headroom rather than landing on it (4.1s)
  ✓  348 [mobile-390] › tests/lead-forms.spec.ts:434:3 › newsletter › subscribes with only an address, as its own source (4.2s)
  ✓  349 [mobile-390] › tests/lead-forms.spec.ts:457:3 › newsletter › the blog signup posts to the same endpoint (4.2s)
  ✓  350 [mobile-390] › tests/lead-forms.spec.ts:472:3 › Impact Program application › maps the application into the lead schema (4.2s)
  ✓  351 [mobile-390] › tests/lead-forms.spec.ts:365:3 › the minimum fill wait › a backward wall-clock step during the wait cannot under-report the fill time (4.2s)
  ✓  352 [mobile-390] › tests/lead-forms.spec.ts:412:3 › the minimum fill wait › the wait clears the drop threshold with headroom rather than landing on it (4.1s)
  ✓  354 [mobile-390] › tests/lead-forms.spec.ts:457:3 › newsletter › the blog signup posts to the same endpoint (4.3s)
  ✓  353 [mobile-390] › tests/lead-forms.spec.ts:434:3 › newsletter › subscribes with only an address, as its own source (4.4s)
  ✓  355 [mobile-390] › tests/lead-forms.spec.ts:472:3 › Impact Program application › maps the application into the lead schema (4.1s)
  ✓  356 [mobile-390] › tests/lead-forms.spec.ts:365:3 › the minimum fill wait › a backward wall-clock step during the wait cannot under-report the fill time (4.3s)
  ✓  357 [mobile-390] › tests/lead-forms.spec.ts:412:3 › the minimum fill wait › the wait clears the drop threshold with headroom rather than landing on it (4.3s)
  ✓  359 [mobile-390] › tests/lead-forms.spec.ts:457:3 › newsletter › the blog signup posts to the same endpoint (4.3s)
  ✓  358 [mobile-390] › tests/lead-forms.spec.ts:434:3 › newsletter › subscribes with only an address, as its own source (4.4s)
  ✓  360 [mobile-390] › tests/lead-forms.spec.ts:472:3 › Impact Program application › maps the application into the lead schema (4.3s)
  ✓  361 [mobile-390] › tests/lead-forms.spec.ts:365:3 › the minimum fill wait › a backward wall-clock step during the wait cannot under-report the fill time (4.3s)
  ✓  362 [mobile-390] › tests/lead-forms.spec.ts:412:3 › the minimum fill wait › the wait clears the drop threshold with headroom rather than landing on it (4.2s)
  ✓  364 [mobile-390] › tests/lead-forms.spec.ts:457:3 › newsletter › the blog signup posts to the same endpoint (4.3s)
  ✓  363 [mobile-390] › tests/lead-forms.spec.ts:434:3 › newsletter › subscribes with only an address, as its own source (4.4s)
  ✓  365 [mobile-390] › tests/lead-forms.spec.ts:472:3 › Impact Program application › maps the application into the lead schema (4.2s)
  ✓  366 [mobile-390] › tests/lead-forms.spec.ts:365:3 › the minimum fill wait › a backward wall-clock step during the wait cannot under-report the fill time (4.3s)
  ✓  367 [mobile-390] › tests/lead-forms.spec.ts:412:3 › the minimum fill wait › the wait clears the drop threshold with headroom rather than landing on it (4.2s)
  ✓  369 [mobile-390] › tests/lead-forms.spec.ts:457:3 › newsletter › the blog signup posts to the same endpoint (4.3s)
  ✓  368 [mobile-390] › tests/lead-forms.spec.ts:434:3 › newsletter › subscribes with only an address, as its own source (4.4s)
  ✓  370 [mobile-390] › tests/lead-forms.spec.ts:472:3 › Impact Program application › maps the application into the lead schema (4.3s)
  ✓  371 [mobile-390] › tests/lead-forms.spec.ts:365:3 › the minimum fill wait › a backward wall-clock step during the wait cannot under-report the fill time (4.2s)
  ✓  372 [mobile-390] › tests/lead-forms.spec.ts:412:3 › the minimum fill wait › the wait clears the drop threshold with headroom rather than landing on it (4.2s)
  ✓  374 [mobile-390] › tests/lead-forms.spec.ts:457:3 › newsletter › the blog signup posts to the same endpoint (4.3s)
  ✓  373 [mobile-390] › tests/lead-forms.spec.ts:434:3 › newsletter › subscribes with only an address, as its own source (4.4s)
  ✓  375 [mobile-390] › tests/lead-forms.spec.ts:472:3 › Impact Program application › maps the application into the lead schema (4.3s)
  ✓  376 [mobile-390] › tests/lead-forms.spec.ts:365:3 › the minimum fill wait › a backward wall-clock step during the wait cannot under-report the fill time (4.3s)
  ✓  377 [mobile-390] › tests/lead-forms.spec.ts:412:3 › the minimum fill wait › the wait clears the drop threshold with headroom rather than landing on it (4.2s)
  ✓  378 [mobile-390] › tests/lead-forms.spec.ts:434:3 › newsletter › subscribes with only an address, as its own source (4.2s)
  ✓  379 [mobile-390] › tests/lead-forms.spec.ts:457:3 › newsletter › the blog signup posts to the same endpoint (4.2s)
  ✓  380 [mobile-390] › tests/lead-forms.spec.ts:472:3 › Impact Program application › maps the application into the lead schema (4.2s)
  ✓  381 [mobile-390] › tests/lead-forms.spec.ts:365:3 › the minimum fill wait › a backward wall-clock step during the wait cannot under-report the fill time (4.2s)
  ✓  382 [mobile-390] › tests/lead-forms.spec.ts:412:3 › the minimum fill wait › the wait clears the drop threshold with headroom rather than landing on it (4.2s)
  ✓  383 [mobile-390] › tests/lead-forms.spec.ts:434:3 › newsletter › subscribes with only an address, as its own source (4.4s)
  ✓  384 [mobile-390] › tests/lead-forms.spec.ts:457:3 › newsletter › the blog signup posts to the same endpoint (4.4s)
  ✓  385 [mobile-390] › tests/lead-forms.spec.ts:472:3 › Impact Program application › maps the application into the lead schema (4.3s)
  ✓  386 [mobile-390] › tests/lead-forms.spec.ts:365:3 › the minimum fill wait › a backward wall-clock step during the wait cannot under-report the fill time (4.3s)
  ✓  387 [mobile-390] › tests/lead-forms.spec.ts:412:3 › the minimum fill wait › the wait clears the drop threshold with headroom rather than landing on it (4.3s)
  ✓  388 [mobile-390] › tests/lead-forms.spec.ts:434:3 › newsletter › subscribes with only an address, as its own source (4.3s)
  ✓  389 [mobile-390] › tests/lead-forms.spec.ts:457:3 › newsletter › the blog signup posts to the same endpoint (4.3s)
  ✓  390 [mobile-390] › tests/lead-forms.spec.ts:472:3 › Impact Program application › maps the application into the lead schema (4.2s)
  ✓  391 [mobile-390] › tests/lead-forms.spec.ts:365:3 › the minimum fill wait › a backward wall-clock step during the wait cannot under-report the fill time (4.2s)
  ✓  392 [mobile-390] › tests/lead-forms.spec.ts:412:3 › the minimum fill wait › the wait clears the drop threshold with headroom rather than landing on it (4.1s)
  ✓  394 [mobile-390] › tests/lead-forms.spec.ts:457:3 › newsletter › the blog signup posts to the same endpoint (4.2s)
  ✓  393 [mobile-390] › tests/lead-forms.spec.ts:434:3 › newsletter › subscribes with only an address, as its own source (4.3s)
  ✓  395 [mobile-390] › tests/lead-forms.spec.ts:472:3 › Impact Program application › maps the application into the lead schema (4.2s)
  ✓  396 [mobile-390] › tests/lead-forms.spec.ts:365:3 › the minimum fill wait › a backward wall-clock step during the wait cannot under-report the fill time (4.3s)
  ✓  397 [mobile-390] › tests/lead-forms.spec.ts:412:3 › the minimum fill wait › the wait clears the drop threshold with headroom rather than landing on it (4.2s)
  ✓  398 [mobile-390] › tests/lead-forms.spec.ts:434:3 › newsletter › subscribes with only an address, as its own source (4.4s)
  ✓  399 [mobile-390] › tests/lead-forms.spec.ts:457:3 › newsletter › the blog signup posts to the same endpoint (4.4s)
  ✓  400 [mobile-390] › tests/lead-forms.spec.ts:472:3 › Impact Program application › maps the application into the lead schema (4.4s)
  ✓  401 [mobile-390] › tests/lead-forms.spec.ts:365:3 › the minimum fill wait › a backward wall-clock step during the wait cannot under-report the fill time (4.3s)
  ✓  402 [mobile-390] › tests/lead-forms.spec.ts:412:3 › the minimum fill wait › the wait clears the drop threshold with headroom rather than landing on it (4.4s)
  ✓  404 [mobile-390] › tests/lead-forms.spec.ts:457:3 › newsletter › the blog signup posts to the same endpoint (4.3s)
  ✓  403 [mobile-390] › tests/lead-forms.spec.ts:434:3 › newsletter › subscribes with only an address, as its own source (4.4s)
  ✓  405 [mobile-390] › tests/lead-forms.spec.ts:472:3 › Impact Program application › maps the application into the lead schema (4.1s)
  ✓  406 [mobile-390] › tests/lead-forms.spec.ts:365:3 › the minimum fill wait › a backward wall-clock step during the wait cannot under-report the fill time (4.1s)
  ✓  407 [mobile-390] › tests/lead-forms.spec.ts:412:3 › the minimum fill wait › the wait clears the drop threshold with headroom rather than landing on it (4.1s)
  ✓  408 [mobile-390] › tests/lead-forms.spec.ts:457:3 › newsletter › the blog signup posts to the same endpoint (4.3s)
  ✓  409 [mobile-390] › tests/lead-forms.spec.ts:434:3 › newsletter › subscribes with only an address, as its own source (4.4s)
  ✓  410 [mobile-390] › tests/lead-forms.spec.ts:472:3 › Impact Program application › maps the application into the lead schema (4.2s)
  ✓  411 [mobile-390] › tests/lead-forms.spec.ts:365:3 › the minimum fill wait › a backward wall-clock step during the wait cannot under-report the fill time (4.3s)
  ✓  412 [mobile-390] › tests/lead-forms.spec.ts:412:3 › the minimum fill wait › the wait clears the drop threshold with headroom rather than landing on it (4.3s)
  ✓  414 [mobile-390] › tests/lead-forms.spec.ts:457:3 › newsletter › the blog signup posts to the same endpoint (4.8s)
  ✓  413 [mobile-390] › tests/lead-forms.spec.ts:434:3 › newsletter › subscribes with only an address, as its own source (4.9s)
  ✓  415 [mobile-390] › tests/lead-forms.spec.ts:472:3 › Impact Program application › maps the application into the lead schema (4.6s)
  ✓  416 [mobile-390] › tests/lead-forms.spec.ts:365:3 › the minimum fill wait › a backward wall-clock step during the wait cannot under-report the fill time (4.6s)
  ✓  417 [mobile-390] › tests/lead-forms.spec.ts:412:3 › the minimum fill wait › the wait clears the drop threshold with headroom rather than landing on it (4.8s)
  ✓  418 [mobile-390] › tests/lead-forms.spec.ts:434:3 › newsletter › subscribes with only an address, as its own source (4.6s)
  ✓  419 [mobile-390] › tests/lead-forms.spec.ts:457:3 › newsletter › the blog signup posts to the same endpoint (4.9s)
  ✓  420 [mobile-390] › tests/lead-forms.spec.ts:472:3 › Impact Program application › maps the application into the lead schema (4.7s)
  ✓  421 [mobile-390] › tests/lead-forms.spec.ts:365:3 › the minimum fill wait › a backward wall-clock step during the wait cannot under-report the fill time (4.6s)
  ✓  422 [mobile-390] › tests/lead-forms.spec.ts:412:3 › the minimum fill wait › the wait clears the drop threshold with headroom rather than landing on it (4.5s)
  ✓  423 [mobile-390] › tests/lead-forms.spec.ts:434:3 › newsletter › subscribes with only an address, as its own source (4.4s)
  ✓  424 [mobile-390] › tests/lead-forms.spec.ts:457:3 › newsletter › the blog signup posts to the same endpoint (4.4s)
  ✓  425 [mobile-390] › tests/lead-forms.spec.ts:472:3 › Impact Program application › maps the application into the lead schema (4.5s)
  ✓  426 [mobile-390] › tests/lead-forms.spec.ts:365:3 › the minimum fill wait › a backward wall-clock step during the wait cannot under-report the fill time (4.4s)
  ✓  427 [mobile-390] › tests/lead-forms.spec.ts:412:3 › the minimum fill wait › the wait clears the drop threshold with headroom rather than landing on it (4.5s)
  ✓  429 [mobile-390] › tests/lead-forms.spec.ts:457:3 › newsletter › the blog signup posts to the same endpoint (4.4s)
  ✓  428 [mobile-390] › tests/lead-forms.spec.ts:434:3 › newsletter › subscribes with only an address, as its own source (4.5s)
  ✓  430 [mobile-390] › tests/lead-forms.spec.ts:472:3 › Impact Program application › maps the application into the lead schema (4.3s)
  ✓  431 [mobile-390] › tests/lead-forms.spec.ts:365:3 › the minimum fill wait › a backward wall-clock step during the wait cannot under-report the fill time (4.4s)
  ✓  432 [mobile-390] › tests/lead-forms.spec.ts:412:3 › the minimum fill wait › the wait clears the drop threshold with headroom rather than landing on it (4.3s)
  ✓  433 [mobile-390] › tests/lead-forms.spec.ts:457:3 › newsletter › the blog signup posts to the same endpoint (4.5s)
  ✓  434 [mobile-390] › tests/lead-forms.spec.ts:434:3 › newsletter › subscribes with only an address, as its own source (4.6s)
  ✓  435 [mobile-390] › tests/lead-forms.spec.ts:472:3 › Impact Program application › maps the application into the lead schema (4.3s)
  ✓  436 [mobile-390] › tests/lead-forms.spec.ts:365:3 › the minimum fill wait › a backward wall-clock step during the wait cannot under-report the fill time (4.5s)
  ✓  437 [mobile-390] › tests/lead-forms.spec.ts:412:3 › the minimum fill wait › the wait clears the drop threshold with headroom rather than landing on it (4.2s)
  ✓  439 [mobile-390] › tests/lead-forms.spec.ts:457:3 › newsletter › the blog signup posts to the same endpoint (4.3s)
  ✓  438 [mobile-390] › tests/lead-forms.spec.ts:434:3 › newsletter › subscribes with only an address, as its own source (4.4s)
  ✓  440 [mobile-390] › tests/lead-forms.spec.ts:472:3 › Impact Program application › maps the application into the lead schema (4.2s)
  ✓  441 [mobile-390] › tests/lead-forms.spec.ts:365:3 › the minimum fill wait › a backward wall-clock step during the wait cannot under-report the fill time (4.2s)
  ✓  442 [mobile-390] › tests/lead-forms.spec.ts:412:3 › the minimum fill wait › the wait clears the drop threshold with headroom rather than landing on it (4.2s)
  ✓  443 [mobile-390] › tests/lead-forms.spec.ts:457:3 › newsletter › the blog signup posts to the same endpoint (4.3s)
  ✓  444 [mobile-390] › tests/lead-forms.spec.ts:434:3 › newsletter › subscribes with only an address, as its own source (4.4s)
  ✓  445 [mobile-390] › tests/lead-forms.spec.ts:472:3 › Impact Program application › maps the application into the lead schema (4.3s)
  ✓  446 [mobile-390] › tests/lead-forms.spec.ts:365:3 › the minimum fill wait › a backward wall-clock step during the wait cannot under-report the fill time (4.4s)
  ✓  447 [mobile-390] › tests/lead-forms.spec.ts:412:3 › the minimum fill wait › the wait clears the drop threshold with headroom rather than landing on it (4.2s)
  ✓  449 [mobile-390] › tests/lead-forms.spec.ts:457:3 › newsletter › the blog signup posts to the same endpoint (4.3s)
  ✓  448 [mobile-390] › tests/lead-forms.spec.ts:434:3 › newsletter › subscribes with only an address, as its own source (4.3s)
  ✓  450 [mobile-390] › tests/lead-forms.spec.ts:472:3 › Impact Program application › maps the application into the lead schema (4.2s)
  ✓  451 [mobile-390] › tests/lead-forms.spec.ts:365:3 › the minimum fill wait › a backward wall-clock step during the wait cannot under-report the fill time (4.3s)
  ✓  452 [mobile-390] › tests/lead-forms.spec.ts:412:3 › the minimum fill wait › the wait clears the drop threshold with headroom rather than landing on it (4.2s)
  ✓  454 [mobile-390] › tests/lead-forms.spec.ts:457:3 › newsletter › the blog signup posts to the same endpoint (4.3s)
  ✓  453 [mobile-390] › tests/lead-forms.spec.ts:434:3 › newsletter › subscribes with only an address, as its own source (4.4s)
  ✓  455 [mobile-390] › tests/lead-forms.spec.ts:472:3 › Impact Program application › maps the application into the lead schema (4.2s)
  ✓  456 [mobile-390] › tests/lead-forms.spec.ts:365:3 › the minimum fill wait › a backward wall-clock step during the wait cannot under-report the fill time (4.2s)
  ✓  457 [mobile-390] › tests/lead-forms.spec.ts:412:3 › the minimum fill wait › the wait clears the drop threshold with headroom rather than landing on it (4.2s)
  ✓  458 [mobile-390] › tests/lead-forms.spec.ts:434:3 › newsletter › subscribes with only an address, as its own source (4.5s)
  ✓  459 [mobile-390] › tests/lead-forms.spec.ts:457:3 › newsletter › the blog signup posts to the same endpoint (4.4s)
  ✓  460 [mobile-390] › tests/lead-forms.spec.ts:472:3 › Impact Program application › maps the application into the lead schema (4.3s)
  ✓  461 [mobile-390] › tests/lead-forms.spec.ts:365:3 › the minimum fill wait › a backward wall-clock step during the wait cannot under-report the fill time (4.3s)
  ✓  462 [mobile-390] › tests/lead-forms.spec.ts:412:3 › the minimum fill wait › the wait clears the drop threshold with headroom rather than landing on it (4.2s)
  ✓  463 [mobile-390] › tests/lead-forms.spec.ts:457:3 › newsletter › the blog signup posts to the same endpoint (4.2s)
  ✓  464 [mobile-390] › tests/lead-forms.spec.ts:434:3 › newsletter › subscribes with only an address, as its own source (4.3s)
  ✓  465 [mobile-390] › tests/lead-forms.spec.ts:472:3 › Impact Program application › maps the application into the lead schema (4.2s)
  ✓  466 [mobile-390] › tests/lead-forms.spec.ts:365:3 › the minimum fill wait › a backward wall-clock step during the wait cannot under-report the fill time (4.3s)
  ✓  467 [mobile-390] › tests/lead-forms.spec.ts:412:3 › the minimum fill wait › the wait clears the drop threshold with headroom rather than landing on it (4.2s)
  ✓  469 [mobile-390] › tests/lead-forms.spec.ts:457:3 › newsletter › the blog signup posts to the same endpoint (4.2s)
  ✓  468 [mobile-390] › tests/lead-forms.spec.ts:434:3 › newsletter › subscribes with only an address, as its own source (4.3s)
  ✓  470 [mobile-390] › tests/lead-forms.spec.ts:472:3 › Impact Program application › maps the application into the lead schema (4.2s)
  ✓  471 [mobile-390] › tests/lead-forms.spec.ts:365:3 › the minimum fill wait › a backward wall-clock step during the wait cannot under-report the fill time (4.2s)
  ✓  472 [mobile-390] › tests/lead-forms.spec.ts:412:3 › the minimum fill wait › the wait clears the drop threshold with headroom rather than landing on it (4.1s)
  ✓  474 [mobile-390] › tests/lead-forms.spec.ts:457:3 › newsletter › the blog signup posts to the same endpoint (4.3s)
  ✓  473 [mobile-390] › tests/lead-forms.spec.ts:434:3 › newsletter › subscribes with only an address, as its own source (4.3s)
  ✓  475 [mobile-390] › tests/lead-forms.spec.ts:472:3 › Impact Program application › maps the application into the lead schema (4.2s)
  ✓  476 [mobile-390] › tests/lead-forms.spec.ts:365:3 › the minimum fill wait › a backward wall-clock step during the wait cannot under-report the fill time (4.2s)
  ✓  477 [mobile-390] › tests/lead-forms.spec.ts:412:3 › the minimum fill wait › the wait clears the drop threshold with headroom rather than landing on it (4.2s)
  ✓  479 [mobile-390] › tests/lead-forms.spec.ts:457:3 › newsletter › the blog signup posts to the same endpoint (4.4s)
  ✓  478 [mobile-390] › tests/lead-forms.spec.ts:434:3 › newsletter › subscribes with only an address, as its own source (4.4s)
  ✓  480 [mobile-390] › tests/lead-forms.spec.ts:472:3 › Impact Program application › maps the application into the lead schema (4.4s)
  ✓  481 [mobile-390] › tests/lead-forms.spec.ts:365:3 › the minimum fill wait › a backward wall-clock step during the wait cannot under-report the fill time (4.4s)
  ✓  482 [mobile-390] › tests/lead-forms.spec.ts:412:3 › the minimum fill wait › the wait clears the drop threshold with headroom rather than landing on it (4.3s)
  ✓  484 [mobile-390] › tests/lead-forms.spec.ts:457:3 › newsletter › the blog signup posts to the same endpoint (4.3s)
  ✓  483 [mobile-390] › tests/lead-forms.spec.ts:434:3 › newsletter › subscribes with only an address, as its own source (4.3s)
  ✓  485 [mobile-390] › tests/lead-forms.spec.ts:472:3 › Impact Program application › maps the application into the lead schema (4.2s)
  ✓  486 [mobile-390] › tests/lead-forms.spec.ts:365:3 › the minimum fill wait › a backward wall-clock step during the wait cannot under-report the fill time (4.3s)
  ✓  487 [mobile-390] › tests/lead-forms.spec.ts:412:3 › the minimum fill wait › the wait clears the drop threshold with headroom rather than landing on it (4.2s)
  ✓  489 [mobile-390] › tests/lead-forms.spec.ts:457:3 › newsletter › the blog signup posts to the same endpoint (4.3s)
  ✓  488 [mobile-390] › tests/lead-forms.spec.ts:434:3 › newsletter › subscribes with only an address, as its own source (4.3s)
  ✓  490 [mobile-390] › tests/lead-forms.spec.ts:472:3 › Impact Program application › maps the application into the lead schema (4.2s)
  ✓  491 [mobile-390] › tests/lead-forms.spec.ts:365:3 › the minimum fill wait › a backward wall-clock step during the wait cannot under-report the fill time (4.2s)
  ✓  492 [mobile-390] › tests/lead-forms.spec.ts:412:3 › the minimum fill wait › the wait clears the drop threshold with headroom rather than landing on it (4.3s)
  ✓  494 [mobile-390] › tests/lead-forms.spec.ts:457:3 › newsletter › the blog signup posts to the same endpoint (4.4s)
  ✓  493 [mobile-390] › tests/lead-forms.spec.ts:434:3 › newsletter › subscribes with only an address, as its own source (4.5s)
  ✓  495 [mobile-390] › tests/lead-forms.spec.ts:472:3 › Impact Program application › maps the application into the lead schema (4.3s)
  ✓  496 [mobile-390] › tests/lead-forms.spec.ts:365:3 › the minimum fill wait › a backward wall-clock step during the wait cannot under-report the fill time (4.3s)
  ✓  497 [mobile-390] › tests/lead-forms.spec.ts:412:3 › the minimum fill wait › the wait clears the drop threshold with headroom rather than landing on it (4.3s)
  ✓  498 [mobile-390] › tests/lead-forms.spec.ts:434:3 › newsletter › subscribes with only an address, as its own source (4.4s)
  ✓  499 [mobile-390] › tests/lead-forms.spec.ts:457:3 › newsletter › the blog signup posts to the same endpoint (4.3s)
  ✓  500 [mobile-390] › tests/lead-forms.spec.ts:472:3 › Impact Program application › maps the application into the lead schema (4.3s)

  500 passed (8.4m)
